Loading weights:   0%|          | 0/199 [00:00<?, ?it/s]Loading weights: 100%|██████████| 199/199 [00:00<00:00, 4831.84it/s]
語言對(FLORES 黃金)               p01     p05     p25      中位   <0.70
  en-zhtw                   0.673   0.737   0.807   0.850    1.8%
  en-ja                     0.679   0.753   0.816   0.850    1.7%
  ja-zhtw                   0.641   0.695   0.771   0.819    5.7%
  eval contamination gate: 33,984 lines loaded
  coct.en-zhtw.tsv: kept 275,692 / 310,916

=== coct.en-zhtw.tsv 最低分 6 對 ===
  -0.006  EN: After that he finally made the grade and got into Tunghai University.
         ZH: 眷村小孩都來這套，只有我是個怪胎。
  0.004  EN: Rooted in the nervous system
         ZH: 交感出擊 VS. 副交感放鬆
  0.004  EN: These works are now basic to the study of Fukienese culture.
         ZH: 古人云太陽近、帝都遠，單就荔鏡記戲文這件事而言，我也有類似的錯覺。」
  0.045  EN: Mr. You accepted these principles.
         ZH: 再者，則是國語與本土語言並重。
  0.107  EN: Yes, it was.
         ZH: 「末代皇帝」這部電影在這裡非常風行。
  0.109  EN: His wife grabbed the violin from him, and put it back carefully.
         ZH: 有人並且介紹他到一家中國餐館，在那兒，他可以隨心所欲地閱讀來自臺灣的各種書報雜誌。
--- 0.80 以上 3 對（對照）---
  0.920  EN: But what exactly is it?
         ZH: 但它到底是什麼東西？
  0.925  EN: 41 40 Ming Chi University of Technology
         ZH: 41 40 明志科技大學
  0.961  EN: How did they do it?
         ZH: 他們是如何做到的？
  globalvoices.en-zhtw.tsv: kept 20,902 / 138,678

=== globalvoices.en-zhtw.tsv 最低分 6 對 ===
  -0.075  EN: The ball rolled and was picked up on Ghazi's blog Imtidad .
         ZH: 並依此選擇自己的行為…
  -0.029  EN: I was a mad party animal bottom.
         ZH: 人因此背負標誌。
  -0.018  EN: Off to spread it the news.
         ZH: 有可能嗎?
  -0.017  EN: At one point, the netizen video taping the incident is told off and asked not to film furt
         ZH: 親政府與反政府人士所出現的不同情況。
  -0.009  EN: After a while, we decided to walk back.. and experienced the same things," she said.
         ZH: 但即使是在這裡的女用祈禱室也沒有贏得她們的青睞。
  -0.009  EN: In the middle of the day.
         ZH: 因為沒有引起人民公憤？
--- 0.80 以上 3 對（對照）---
  0.952  EN: MOHAMMED ABBOU (Tunisia)
         ZH: MOHAMMED ABBOU (突尼西亞)
  0.963  EN: February 18
         ZH: 2月18日
  0.965  EN: #Actress
         ZH: #女演員
